// Jest Snapshot v1, https://goo.gl/fbAQLP

exports[`export export-reexport-ordering.ts 1`] = `
ProjectParseResult {
  modules: Map {
    export/export-reexport-ordering.ts => ModuleParseResult {
      exports: Array [
        ExportParseResult {
          elements: Array [
            Object {
              exportedId: FOO,
              id: FOO,
            },
          ],
          modulePath: ../variable/variable-docs,
        },
        ExportParseResult {
          elements: Array [
            Object {
              exportedId: functionArguments,
              id: functionArguments,
            },
          ],
          modulePath: ../function/function-arguments,
        },
        ExportParseResult {
          elements: Array [
            Object {
              exportedId: ClassConstructor,
              id: ClassConstructor,
            },
          ],
          modulePath: ../class/class-constructor,
        },
      ],
      imports: Array [],
      modulePath: export/export-reexport-ordering.ts,
      nodes: Array [],
    },
  },
}
`;

exports[`export export-reexports.ts 1`] = `
ProjectParseResult {
  modules: Map {
    export/export-reexports.ts => ModuleParseResult {
      exports: Array [
        ExportParseResult {
          elements: Array [
            Object {
              exportedId: ClassConstructor,
              id: ClassConstructor,
            },
          ],
          modulePath: ../class/class-constructor,
        },
        ExportParseResult {
          elements: Array [
            Object {
              exportedId: Calculator,
              id: Calculator,
            },
          ],
          modulePath: ../class/class-docs,
        },
        ExportParseResult {
          elements: Array [
            Object {
              exportedId: ClassExtends,
              id: ClassExtends,
            },
          ],
          modulePath: ../class/class-extends,
        },
        ExportParseResult {
          elements: Array [
            Object {
              exportedId: ClassImplements,
              id: ClassImplements,
            },
          ],
          modulePath: ../class/class-implements,
        },
        ExportParseResult {
          elements: Array [
            Object {
              exportedId: ClassMethods,
              id: ClassMethods,
            },
          ],
          modulePath: ../class/class-methods,
        },
        ExportParseResult {
          elements: Array [
            Object {
              exportedId: ClassMethodsExternalResult,
              id: ClassMethodsExternalResult,
            },
          ],
          modulePath: ../class/class-methods-external-result,
        },
        ExportParseResult {
          elements: Array [
            Object {
              exportedId: ClassMixedExtendsAndImplements,
              id: ClassMixedExtendsAndImplements,
            },
          ],
          modulePath: ../class/class-mixed-extends-and-implements,
        },
        ExportParseResult {
          elements: Array [
            Object {
              exportedId: ClassProperties,
              id: ClassProperties,
            },
          ],
          modulePath: ../class/class-properties,
        },
      ],
      imports: Array [],
      modulePath: export/export-reexports.ts,
      nodes: Array [],
    },
  },
}
`;
